M01_HEADROOM_BASE	BASE_PGN30
M02_NEAR_MIN_WB09_3	WB09_3
M03_CONSOLIDATION_WB09	WB09
M04_MIN_RUNTIME_STOP	Q_pep_kp72_1
M05_RESERVE	OPS:pgn_pipe=33;mj=spinning_reserve_min:5
M06_BUSFLOW	OPS:pgn_pipe=30;mj=busflow_min:22
M07_EXPORT_RANGE	OPS:pgn_pipe=33;mj=pln_export_priority:{"range":{"min":26,"max":155,"required":true},"daily_target":{"value":1800,"required":false},"dispatch_dev_rules":[],"range_rules":[{"min":27,"max":155,"start":17,"stop":32}],"dispatch_dev_mode":"same_as_quota","dispatch_dev":{"min":0,"max":0,"start":1,"stop":1,"required":false}}
M08_DEV_DISPATCH	OPS:pgn_pipe=33;mj=pln_export_priority:{"range":{"min":20,"max":155,"required":true},"daily_target":{"value":1800,"required":false},"dispatch_dev_rules":[{"min":63,"max":60,"start":23,"stop":26,"required":true}],"range_rules":[{"min":25,"max":155,"start":17,"stop":32}],"dispatch_dev_mode":"same_as_quota","dispatch_dev":{"min":0,"max":0,"start":1,"stop":1,"required":false}}
M09_REQUIRED_G5	OPS:pgn_pipe=30;mj=required_mode:{"g1":{"mode":"continuous"},"g8":{"mode":"continuous"},"g9":{"mode":"continuous"},"s2":{"mode":"continuous"},"s3":{"mode":"continuous"},"b1":{"mode":"continuous"},"b2":{"mode":"continuous"},"g5":{"mode":"start_at","at":"10:00"}}
M10_MULTI_START	Q_pgn_pipe_4
M11_GAS_WINDOW	Q_pep_1
M12_ACTUAL_SLOT	ACT_PGN_UP
