BASE_PGN30 {"wall":37.8,"mode":"EXACT","status":null,"final":true,"cp":64.6644}
   V9 APPLIED None 64.6658 -> 64.6644 ['V11_BAND_HEAT_RATE:V11_SUSUN:SWAP:G5>G2:26-37'] wall 11.344 sim 3 pre 4 rounds 1 | HPA PASS_WITH_REASON 0
WB09 {"wall":23.86,"mode":"EXACT","status":null,"final":true,"cp":64.3644}
   V9 APPLIED None 64.5788 -> 64.3644 ['SWAP:G2>G5:26-37', 'DELAY:G5:26-37:@27', 'POLISH_UNIT_PRIORITY_LANJUTAN'] wall 5.289 sim 6 pre 6 rounds 3 | HPA PASS_WITH_REASON 0
WB09_KP72 {"wall":24.36,"mode":"EXACT","status":null,"final":true,"cp":64.1989}
   V9 APPLIED None 64.4083 -> 64.1989 ['SWAP:G2>G5:26-37', 'DELAY:G5:26-37:@27', 'POLISH_UNIT_PRIORITY_LANJUTAN'] wall 5.08 sim 6 pre 6 rounds 3 | HPA PASS_WITH_REASON 0
BASE_ACT10 {"wall":82.32,"mode":"INCREMENTAL","status":null,"final":true,"cp":64.6214}
   V9 APPLIED None 64.634 -> 64.6214 ['SWAP:G2>G5:26-37'] wall 1.633 sim 5 pre 5 rounds 2 | HPA PASS_WITH_REASON 0
ACT_PGN_UP {"wall":80.78,"mode":"INCREMENTAL","status":null,"final":true,"cp":64.6801}
   V9 APPLIED None 64.6801 -> 64.6801 ['DELAY:G5:26-37:@27', 'SWAP:G5>G2:27-38', 'V11_BAND_HEAT_RATE:INCUMBENT'] wall 1.515 sim 4 pre 3 rounds 2 | HPA PASS_WITH_REASON 0
ACT_PGN_DOWN {"wall":76.73,"mode":"INCREMENTAL","status":null,"final":true,"cp":64.5676}
   V9 APPLIED None 64.575 -> 64.5676 ['SWAP:G2>G5:26-37'] wall 1.347 sim 5 pre 5 rounds 2 | HPA PASS_WITH_REASON 0
ACT_FFJ_UP {"wall":84.71,"mode":"INCREMENTAL","status":null,"final":true,"cp":64.6309}
   V9 APPLIED None 64.644 -> 64.6309 ['SWAP:G2>G5:26-37', 'POLISH_UNIT_PRIORITY_LANJUTAN'] wall 2.187 sim 5 pre 5 rounds 2 | HPA PASS_WITH_REASON 0
ACT_FFM_DOWN {"wall":77.63,"mode":"INCREMENTAL","status":null,"final":true,"cp":64.6214}
   V9 APPLIED None 64.634 -> 64.6214 ['SWAP:G2>G5:26-37'] wall 1.775 sim 5 pre 5 rounds 2 | HPA PASS_WITH_REASON 0
KP72_DOWN {"wall":82.58,"mode":"INCREMENTAL","status":null,"final":true,"cp":64.6214}
   V9 APPLIED None 64.634 -> 64.6214 ['SWAP:G2>G5:26-37'] wall 1.626 sim 5 pre 5 rounds 2 | HPA PASS_WITH_REASON 0
ACT_PGN_2SLOT_C {"wall":79.38,"mode":"INCREMENTAL","status":null,"final":true,"cp":64.6987}
   V9 APPLIED None 64.7119 -> 64.6987 ['SWAP:G2>G5:26-37'] wall 1.109 sim 5 pre 5 rounds 2 | HPA PASS_WITH_REASON 0
QA_pgn_pipe_1 {"wall":41.87,"mode":"INCREMENTAL","status":null,"final":true,"cp":63.8609}
   V9 DELTA_REVIEW_BASIS None 63.8609 -> 63.8609 [] wall 0.072 sim 0 pre 0 rounds 0 | HPA PASS_WITH_REASON 0
QA_pep_-1 {"wall":1.08,"mode":"DELTA_CERTIFICATE","status":"USER_ACTION_REQUIRED","final":false,"cp":65.6235}
   V9 SKIPPED PEMENANG_BELUM_VALID None -> None [] wall None sim None pre None rounds None | HPA REVIEW_MINOR 8
WB09_3 {"wall":22.41,"mode":"EXACT","status":null,"final":true,"cp":63.4469}
   V9 APPLIED None 63.7144 -> 63.4469 ['STOP:G5:26-48:@38', 'DELAY:G5:26-37:@27', 'POLISH_UNIT_PRIORITY_LANJUTAN'] wall 6.796 sim 6 pre 6 rounds 3 | HPA PASS_WITH_REASON 0
